*****************************************************************
      SolidWorks Corporation - IGES Processor Status Report
*****************************************************************
=================================================================
General Information
=================================================================
Sending System Product I.D.  : M50-350_ASM
Receiving System Product I.D.: M50-350_ASM
File Name                    : m50-3502042_asm.igs
Sending System               : Pro/ENGINEER by Parametric Technology Corporation
Preprocessor Version         : 2010280
File Creation Date           : 20110805.103807
Model Creation Date          : 20110805.103807
Units                        : MM
Model Space Scale            : 1
Author                       : wbourne
Organization                 : Unknown


=================================================================
Entity Processing Information
=================================================================


=================================================================
Precision analysis of IGES file:
=================================================================
  Most prevalent number of significant digits:               1
  Highest number of significant digits:                     13
  Average number of significant digits:                4.71036
  Maximum distance to origin:                          24.5765
  Minimum distance to origin:                                0
  Effective number of significant digits:                   13


=================================================================
Entity Summary
=================================================================
-----------------------------------------------------------------
Type Name                                         Count Converted
---- ----                                         ----- ---------
102  Composite curve                               2968      2968
110  Line                                         11304     11304
128  Rational B-spline surface                     1364      1364
142  Curve on a parametric surface                 1484      1484
144  Trimmed parametric surface                    1364      1364
314  Color definition                                87        87
402  Associativity instance                          41        41
406  Property                                        41        41
_________________________________________________________________


=================================================================
Result Summary
=================================================================
SolidWorks Feature Type                Count
-----------------------                -----
Solid feature(s)                       41
Surface feature(s)                     0
Curve/Sketch feature(s)                0
--------------------------------------------
Start time: Monday, March 21, 2016 22:39:21
Finish time: Monday, March 21, 2016 22:39:34
Processing time: 0 days, 00 hours, 00 mins, 13 secs
