*****************************************************************
      SolidWorks Corporation - IGES Processor Status Report
*****************************************************************
=================================================================
General Information
=================================================================
Sending System Product I.D.  : M50-320XX45_ASM
Receiving System Product I.D.: M50-320XX45_ASM
File Name                    : m50-3202045_asm.igs
Sending System               : Pro/ENGINEER by Parametric Technology Corporation
Preprocessor Version         : 2010280
File Creation Date           : 20110804.140308
Model Creation Date          : 20110804.140308
Units                        : MM
Model Space Scale            : 1
Author                       : wbourne
Organization                 : Unknown


=================================================================
Entity Processing Information
=================================================================


=================================================================
Precision analysis of IGES file:
=================================================================
  Most prevalent number of significant digits:              13
  Highest number of significant digits:                     13
  Average number of significant digits:                5.99394
  Maximum distance to origin:                          26.3145
  Minimum distance to origin:                                0
  Effective number of significant digits:                   13


=================================================================
Entity Summary
=================================================================
-----------------------------------------------------------------
Type Name                                         Count Converted
---- ----                                         ----- ---------
100  Arc                                           1680      1680
102  Composite curve                               7372      7372
104  Conic arc                                      480       480
110  Line                                         30404     30404
120  Surface of revolution                          840       840
124  Transformation matrix                         2160      2160
126  Rational B-spline curve                       2600      2600
128  Rational B-spline surface                     2746      2746
142  Curve on a parametric surface                 3686      3686
144  Trimmed parametric surface                    3586      3586
314  Color definition                                 3         3
402  Associativity instance                          41        41
406  Property                                        41        41
_________________________________________________________________


=================================================================
Result Summary
=================================================================
SolidWorks Feature Type                Count
-----------------------                -----
Solid feature(s)                       41
Surface feature(s)                     0
Curve/Sketch feature(s)                0
--------------------------------------------
Start time: Monday, March 21, 2016 22:38:18
Finish time: Monday, March 21, 2016 22:39:17
Processing time: 0 days, 00 hours, 00 mins, 59 secs
