*****************************************************************
      SolidWorks Corporation - IGES Processor Status Report
*****************************************************************
=================================================================
General Information
=================================================================
Sending System Product I.D.  : 
Receiving System Product I.D.: 
File Name                    : Oresat
Sending System               : AutoCAD 2018 - English
Preprocessor Version         : Autodesk Translation Framework DWG producer (atf_dwg_producer)
File Creation Date           : 20180527.132849
Model Creation Date          : 20180517.212123
Units                        : INCH
Model Space Scale            : 1
Author                       : 
Organization                 : unknown


=================================================================
Entity Processing Information
=================================================================
ERROR:   DE# 66995, TYPE   128: Unable to create a bspline surface.
ERROR:   DE# 66997, TYPE   128: Unable to create a bspline surface.
ERROR:   DE# 67003, TYPE   128: Unable to create a bspline surface.
ERROR:   DE# 67017, TYPE   128: Unable to create a bspline surface.
ERROR:   DE# 67019, TYPE   128: Unable to create a bspline surface.


=================================================================
Precision analysis of IGES file:
=================================================================
  Most prevalent number of significant digits:              14
  Highest number of significant digits:                     14
  Average number of significant digits:                13.8755
  Maximum distance to origin:                          23.0484
  Minimum distance to origin:                          18.0431
  Effective number of significant digits:              13.0857


=================================================================
Entity Summary
=================================================================
-----------------------------------------------------------------
Type Name                                         Count Converted
---- ----                                         ----- ---------
110  Line                                            41        41
124  Transformation matrix                           74        74
126  Rational B-spline curve                      17735     17735
128  Rational B-spline surface                     6519      6514
186  Manifold Solid B-rep Object                     78        78
308  Subfigure definition                            14        14
314  Color definition                                 5         5
406  Property                                       196       196
408  Singular subfigure instance                     74        74
502  Vertex list                                     78        78
504  Edge entity                                     78        78
508  Loop entity                                   7400      7400
510  Face entity                                   6519      6519
514  Shell entity                                    78        78
_________________________________________________________________


=================================================================
Result Summary
=================================================================
SolidWorks Feature Type                Count
-----------------------                -----
Solid feature(s)                       77
Surface feature(s)                     1
Curve/Sketch feature(s)                0
--------------------------------------------
Start time: Sunday, May 27, 2018 13:32:05
Finish time: Sunday, May 27, 2018 13:34:30
Processing time: 0 days, 00 hours, 02 mins, 25 secs
